2026-08-22 01:56:53 - SwitchMap: Map 34 loaded
2026-08-22 01:56:54 - Tile(1,1): L1=1505 L2=0 L3=0 L4=0
2026-08-22 01:56:54 - Tile(50,50): L1=1514 L2=0 L3=0 L4=0
2026-08-22 01:56:54 - Tile(100,100): L1=0 L2=0 L3=0 L4=0
2026-08-22 01:56:55 - INV: Slot=1 ObjGrh=506 FrameGrh=506 sx=576 sy=32 FileNum=3
2026-08-22 01:56:55 - INV: DRAWING Slot=1 Source=(576,32)-(608,64) Dest=(0,0)-(32,32)
2026-08-22 01:56:55 - BMP: BmInfo creado
2026-08-22 01:56:55 - BMP: header copiado
2026-08-22 01:56:55 - BMP: paleta copiada
2026-08-22 01:56:55 - DrawGrhtoHdc: StretchDIBits result=742 GrhIdx=506 ERR=0 DESC=
2026-08-22 01:56:55 - INV: Slot=2 ObjGrh=537 FrameGrh=537 sx=416 sy=64 FileNum=3
2026-08-22 01:56:55 - INV: DRAWING Slot=2 Source=(416,64)-(448,96) Dest=(32,0)-(64,32)
2026-08-22 01:56:55 - BMP: BmInfo creado
2026-08-22 01:56:55 - BMP: header copiado
2026-08-22 01:56:55 - BMP: paleta copiada
2026-08-22 01:56:55 - DrawGrhtoHdc: StretchDIBits result=742 GrhIdx=537 ERR=0 DESC=
2026-08-22 01:56:55 - INV: Slot=3 ObjGrh=510 FrameGrh=510 sx=32 sy=64 FileNum=3
2026-08-22 01:56:55 - INV: DRAWING Slot=3 Source=(32,64)-(64,96) Dest=(64,0)-(96,32)
2026-08-22 01:56:55 - BMP: BmInfo creado
2026-08-22 01:56:55 - BMP: header copiado
2026-08-22 01:56:55 - BMP: paleta copiada
2026-08-22 01:56:55 - DrawGrhtoHdc: StretchDIBits result=742 GrhIdx=510 ERR=0 DESC=
2026-08-22 01:56:55 - INV: Slot=4 ObjGrh=527 FrameGrh=527 sx=384 sy=32 FileNum=129
2026-08-22 01:56:55 - INV: DRAWING Slot=4 Source=(384,32)-(416,64) Dest=(96,0)-(128,32)
2026-08-22 01:56:55 - BMP: BmInfo creado
2026-08-22 01:56:55 - BMP: header copiado
2026-08-22 01:56:55 - BMP: paleta copiada
2026-08-22 01:56:55 - DrawGrhtoHdc: StretchDIBits result=492 GrhIdx=527 ERR=0 DESC=
2026-08-22 01:56:55 - INV: Slot=5 ObjGrh=542 FrameGrh=542 sx=512 sy=64 FileNum=3
2026-08-22 01:56:55 - INV: DRAWING Slot=5 Source=(512,64)-(544,96) Dest=(128,0)-(160,32)
2026-08-22 01:56:55 - BMP: BmInfo creado
2026-08-22 01:56:55 - BMP: header copiado
2026-08-22 01:56:55 - BMP: paleta copiada
2026-08-22 01:56:55 - DrawGrhtoHdc: StretchDIBits result=742 GrhIdx=542 ERR=0 DESC=
2026-08-22 01:56:55 - INV: Slot=6 ObjGrh=543 FrameGrh=543 sx=544 sy=64 FileNum=3
2026-08-22 01:56:55 - INV: DRAWING Slot=6 Source=(544,64)-(576,96) Dest=(0,32)-(32,64)
2026-08-22 01:56:55 - BMP: BmInfo creado
2026-08-22 01:56:55 - BMP: header copiado
2026-08-22 01:56:55 - BMP: paleta copiada
2026-08-22 01:56:55 - DrawGrhtoHdc: StretchDIBits result=742 GrhIdx=543 ERR=0 DESC=
2026-08-22 01:56:55 - INV: Slot=1 ObjGrh=506 FrameGrh=506 sx=576 sy=32 FileNum=3
2026-08-22 01:56:55 - INV: DRAWING Slot=1 Source=(576,32)-(608,64) Dest=(0,0)-(32,32)
2026-08-22 01:56:55 - BMP: BmInfo creado
2026-08-22 01:56:55 - BMP: header copiado
2026-08-22 01:56:55 - BMP: paleta copiada
2026-08-22 01:56:55 - DrawGrhtoHdc: StretchDIBits result=742 GrhIdx=506 ERR=0 DESC=
2026-08-22 01:56:55 - INV: Slot=2 ObjGrh=537 FrameGrh=537 sx=416 sy=64 FileNum=3
2026-08-22 01:56:55 - INV: DRAWING Slot=2 Source=(416,64)-(448,96) Dest=(32,0)-(64,32)
2026-08-22 01:56:55 - BMP: BmInfo creado
2026-08-22 01:56:55 - BMP: header copiado
2026-08-22 01:56:55 - BMP: paleta copiada
2026-08-22 01:56:55 - DrawGrhtoHdc: StretchDIBits result=742 GrhIdx=537 ERR=0 DESC=
2026-08-22 01:56:55 - INV: Slot=3 ObjGrh=510 FrameGrh=510 sx=32 sy=64 FileNum=3
2026-08-22 01:56:55 - INV: DRAWING Slot=3 Source=(32,64)-(64,96) Dest=(64,0)-(96,32)
2026-08-22 01:56:55 - BMP: BmInfo creado
2026-08-22 01:56:55 - BMP: header copiado
2026-08-22 01:56:55 - BMP: paleta copiada
2026-08-22 01:56:55 - DrawGrhtoHdc: StretchDIBits result=742 GrhIdx=510 ERR=0 DESC=
2026-08-22 01:56:55 - INV: Slot=4 ObjGrh=527 FrameGrh=527 sx=384 sy=32 FileNum=129
2026-08-22 01:56:55 - INV: DRAWING Slot=4 Source=(384,32)-(416,64) Dest=(96,0)-(128,32)
2026-08-22 01:56:55 - BMP: BmInfo creado
2026-08-22 01:56:55 - BMP: header copiado
2026-08-22 01:56:55 - BMP: paleta copiada
2026-08-22 01:56:55 - DrawGrhtoHdc: StretchDIBits result=492 GrhIdx=527 ERR=0 DESC=
2026-08-22 01:56:55 - INV: Slot=5 ObjGrh=542 FrameGrh=542 sx=512 sy=64 FileNum=3
2026-08-22 01:56:55 - INV: DRAWING Slot=5 Source=(512,64)-(544,96) Dest=(128,0)-(160,32)
2026-08-22 01:56:55 - BMP: BmInfo creado
2026-08-22 01:56:55 - BMP: header copiado
2026-08-22 01:56:55 - BMP: paleta copiada
2026-08-22 01:56:55 - DrawGrhtoHdc: StretchDIBits result=742 GrhIdx=542 ERR=0 DESC=
2026-08-22 01:56:55 - INV: Slot=6 ObjGrh=543 FrameGrh=543 sx=544 sy=64 FileNum=3
2026-08-22 01:56:55 - INV: DRAWING Slot=6 Source=(544,64)-(576,96) Dest=(0,32)-(32,64)
2026-08-22 01:56:55 - BMP: BmInfo creado
2026-08-22 01:56:55 - BMP: header copiado
2026-08-22 01:56:55 - BMP: paleta copiada
2026-08-22 01:56:55 - DrawGrhtoHdc: StretchDIBits result=742 GrhIdx=543 ERR=0 DESC=
